// Jest Snapshot v1, https://goo.gl/fbAQLP

exports[`Test general texto plano Debe mostrar la palabra Counter App con Enzyme 1`] = `
<Fragment>
  <h1>
    Counter App
  </h1>
  <h2>
    0
  </h2>
  <button
    onClick={[Function]}
  >
    +1
  </button>
  <button
    onClick={[Function]}
  >
    Reset
  </button>
  <button
    onClick={[Function]}
  >
    -1
  </button>
</Fragment>
`;
